// Jest Snapshot v1, https://goo.gl/fbAQLP

exports[`When invoked a StatsBar component Should render StatsBar component 1`] = `
<View
  style={
    Object {
      "marginVertical": 10,
    }
  }
>
  <View
    style={
      Object {
        "alignSelf": "center",
        "display": "flex",
        "flexDirection": "row",
        "justifyContent": "space-between",
        "marginBottom": 10,
        "width": "90%",
      }
    }
  >
    <Text>
      10
    </Text>
    <Text
      style={
        Object {
          "fontSize": 18,
        }
      }
    >
      Double Faults
    </Text>
    <Text>
      8
    </Text>
  </View>
  <View
    style={
      Object {
        "alignSelf": "center",
        "backgroundColor": "#E5E5E5",
        "borderRadius": 5,
        "display": "flex",
        "flexDirection": "row",
        "height": 14,
        "width": "90%",
      }
    }
  >
    <View
      style={
        Object {
          "width": "50%",
        }
      }
    >
      <View
        style={
          Array [
            Object {
              "alignSelf": "flex-end",
              "backgroundColor": "#F5BF00",
              "borderBottomLeftRadius": 5,
              "borderRightColor": "#000",
              "borderRightWidth": 1,
              "borderTopLeftRadius": 5,
              "height": 14,
              "paddingHorizontal": 20,
              "width": "50%",
            },
            Object {
              "width": "56%",
            },
          ]
        }
      />
    </View>
    <View
      style={
        Object {
          "width": "50%",
        }
      }
    >
      <View
        style={
          Array [
            Object {
              "alignSelf": "flex-start",
              "backgroundColor": "#F7A65B",
              "borderBottomRightRadius": 5,
              "borderLeftColor": "#000",
              "borderLeftWidth": 1,
              "borderTopRightRadius": 5,
              "height": 14,
              "paddingHorizontal": 20,
              "width": "50%",
            },
            Object {
              "width": "44%",
            },
          ]
        }
      />
    </View>
  </View>
</View>
`;
