// Jest Snapshot v1, https://goo.gl/fbAQLP

exports[`When invoked a SignIn component Should render SignUp component 1`] = `
<RCTSafeAreaView
  emulateUnlessSupported={true}
  style={
    Object {
      "top": "20%",
    }
  }
>
  <Text
    style={
      Object {
        "fontSize": 24,
        "padding": 30,
        "textAlign": "center",
      }
    }
  >
    Sign Up
  </Text>
  <TextInput
    allowFontScaling={true}
    autoCapitalize="words"
    onChangeText={[Function]}
    onEndEditing={[Function]}
    placeholder="Full Name"
    rejectResponderTermination={true}
    style={
      Object {
        "borderColor": "#7A7A7A",
        "borderRadius": 20,
        "borderWidth": 1,
        "fontSize": 16,
        "height": 40,
        "margin": 8,
        "marginHorizontal": 40,
        "paddingLeft": 20,
      }
    }
    underlineColorAndroid="transparent"
    value=""
  />
  <TextInput
    allowFontScaling={true}
    autoCapitalize="none"
    onChangeText={[Function]}
    onEndEditing={[Function]}
    placeholder="Email"
    rejectResponderTermination={true}
    style={
      Object {
        "borderColor": "#7A7A7A",
        "borderRadius": 20,
        "borderWidth": 1,
        "fontSize": 16,
        "height": 40,
        "margin": 8,
        "marginHorizontal": 40,
        "paddingLeft": 20,
      }
    }
    underlineColorAndroid="transparent"
    value=""
  />
  <TextInput
    allowFontScaling={true}
    autoCapitalize="none"
    onChangeText={[Function]}
    onEndEditing={[Function]}
    placeholder="Password"
    rejectResponderTermination={true}
    secureTextEntry={true}
    style={
      Object {
        "borderColor": "#7A7A7A",
        "borderRadius": 20,
        "borderWidth": 1,
        "fontSize": 16,
        "height": 40,
        "margin": 8,
        "marginHorizontal": 40,
        "paddingLeft": 20,
      }
    }
    underlineColorAndroid="transparent"
    value=""
  />
  <View
    style={
      Object {
        "backgroundColor": "#E5E5E5",
        "borderRadius": 10,
        "flexDirection": "row",
        "fontSize": 14,
        "justifyContent": "space-between",
        "marginBottom": 15,
        "marginHorizontal": 30,
        "marginTop": 14,
        "paddingHorizontal": 8,
        "paddingVertical": 4,
        "textDecorationColor": "#7A7A7A",
      }
    }
  >
    <Text
      style={
        Object {
          "color": "#7A7A7A",
        }
      }
    >
      Are you a Player or Coach?
    </Text>
  </View>
  <View
    style={
      Object {
        "alignSelf": "center",
        "flexDirection": "row",
        "marginTop": -20,
      }
    }
  >
    <View
      accessible={true}
      focusable={true}
      onClick={[Function]}
      onResponderGrant={[Function]}
      onResponderMove={[Function]}
      onResponderRelease={[Function]}
      onResponderTerminate={[Function]}
      onResponderTerminationRequest={[Function]}
      onStartShouldSetResponder={[Function]}
      style={
        Object {
          "alignItems": "center",
          "backgroundColor": "#F5BF00",
          "borderColor": "#7a7a7a",
          "borderRadius": 20,
          "borderWidth": 1,
          "fontSize": 50,
          "marginHorizontal": 10,
          "marginTop": 30,
          "opacity": 1,
          "paddingVertical": 10,
          "width": 100,
        }
      }
    >
      <Text
        testID="ChoosePlayerButton1"
      >
        Player
      </Text>
    </View>
    <View
      accessible={true}
      focusable={true}
      onClick={[Function]}
      onResponderGrant={[Function]}
      onResponderMove={[Function]}
      onResponderRelease={[Function]}
      onResponderTerminate={[Function]}
      onResponderTerminationRequest={[Function]}
      onStartShouldSetResponder={[Function]}
      style={
        Object {
          "alignItems": "center",
          "backgroundColor": "#E5E5E5",
          "borderColor": "#7a7a7a",
          "borderRadius": 20,
          "borderWidth": 1,
          "fontSize": 50,
          "marginHorizontal": 10,
          "marginTop": 30,
          "opacity": 1,
          "paddingVertical": 10,
          "width": 100,
        }
      }
    >
      <Text
        style={
          Object {
            "color": "#7A7A7A",
          }
        }
        testID="ChooseCoachButton1"
      >
        Coach
      </Text>
    </View>
  </View>
  <View
    accessible={true}
    focusable={true}
    onClick={[Function]}
    onResponderGrant={[Function]}
    onResponderMove={[Function]}
    onResponderRelease={[Function]}
    onResponderTerminate={[Function]}
    onResponderTerminationRequest={[Function]}
    onStartShouldSetResponder={[Function]}
    style={
      Object {
        "alignItems": "center",
        "alignSelf": "center",
        "backgroundColor": "#F5BF00",
        "borderColor": "#000000",
        "borderRadius": 20,
        "borderWidth": 1,
        "fontSize": 50,
        "marginTop": 30,
        "opacity": 0.5,
        "paddingHorizontal": 12,
        "paddingVertical": 10,
        "width": 120,
      }
    }
  >
    <Text
      style={
        Object {
          "color": "#7A7A7A",
        }
      }
      testID="SignUpButton"
    >
      Sign Up
    </Text>
  </View>
  <View
    accessible={true}
    focusable={true}
    onClick={[Function]}
    onResponderGrant={[Function]}
    onResponderMove={[Function]}
    onResponderRelease={[Function]}
    onResponderTerminate={[Function]}
    onResponderTerminationRequest={[Function]}
    onStartShouldSetResponder={[Function]}
    style={
      Object {
        "alignItems": "center",
        "alignSelf": "center",
        "backgroundColor": "#E5E5E5",
        "borderColor": "#000000",
        "borderRadius": 20,
        "borderWidth": 1,
        "fontSize": 50,
        "marginTop": 10,
        "opacity": 1,
        "paddingHorizontal": 12,
        "paddingVertical": 10,
        "width": 100,
      }
    }
  >
    <Text
      testID="NavigateToLogIn"
    >
      Log in
    </Text>
  </View>
</RCTSafeAreaView>
`;
