// Jest Snapshot v1, https://goo.gl/fbAQLP

exports[`When invoked a Dashboard component Should render dashboard component 1`] = `
<View
  style={
    Object {
      "height": 100,
    }
  }
>
  <Text
    style={
      Object {
        "fontSize": 26,
        "paddingLeft": 20,
      }
    }
  >
    Who is Serving?
  </Text>
  <View
    accessible={true}
    focusable={true}
    onClick={[Function]}
    onResponderGrant={[Function]}
    onResponderMove={[Function]}
    onResponderRelease={[Function]}
    onResponderTerminate={[Function]}
    onResponderTerminationRequest={[Function]}
    onStartShouldSetResponder={[Function]}
    style={
      Object {
        "backgroundColor": "#E5E5E5",
        "borderRadius": 10,
        "margin": 15,
        "marginBottom": 5,
        "opacity": 1,
        "padding": 10,
      }
    }
  >
    <Text
      testID="ClickPlayer1"
    >
      Anna
    </Text>
  </View>
  <View
    accessible={true}
    focusable={true}
    onClick={[Function]}
    onResponderGrant={[Function]}
    onResponderMove={[Function]}
    onResponderRelease={[Function]}
    onResponderTerminate={[Function]}
    onResponderTerminationRequest={[Function]}
    onStartShouldSetResponder={[Function]}
    style={
      Object {
        "backgroundColor": "#E5E5E5",
        "borderRadius": 10,
        "margin": 15,
        "marginBottom": 5,
        "opacity": 1,
        "padding": 10,
      }
    }
  >
    <Text
      testID="ClickPlayer2"
    >
      Sala
    </Text>
  </View>
</View>
`;

exports[`When invoked a Dashboard component without result When currentMatch.result does not exist, loading is rendered 1`] = `
<Text>
  ...loading...
</Text>
`;
