// Jest Snapshot v1, https://goo.gl/fbAQLP

exports[`When invoked a LogIn component and use.name exists Should render sign in component 1`] = `
<RCTSafeAreaView
  emulateUnlessSupported={true}
  style={
    Object {
      "top": "32%",
    }
  }
>
  <Text
    style={
      Object {
        "fontSize": 24,
        "padding": 30,
        "textAlign": "center",
      }
    }
  >
    Log In
  </Text>
  <TextInput
    allowFontScaling={true}
    autoCapitalize="none"
    defaultValue=""
    onChangeText={[Function]}
    placeholder="Email"
    rejectResponderTermination={true}
    style={
      Object {
        "borderColor": "#7A7A7A",
        "borderRadius": 20,
        "borderWidth": 1,
        "fontSize": 16,
        "height": 40,
        "margin": 8,
        "marginHorizontal": 40,
        "paddingLeft": 20,
      }
    }
    underlineColorAndroid="transparent"
  />
  <TextInput
    allowFontScaling={true}
    autoCapitalize="none"
    defaultValue=""
    onChangeText={[Function]}
    placeholder="Password"
    rejectResponderTermination={true}
    secureTextEntry={true}
    style={
      Object {
        "borderColor": "#7A7A7A",
        "borderRadius": 20,
        "borderWidth": 1,
        "fontSize": 16,
        "height": 40,
        "margin": 8,
        "marginHorizontal": 40,
        "paddingLeft": 20,
      }
    }
    underlineColorAndroid="transparent"
  />
  <View
    accessible={true}
    focusable={true}
    onClick={[Function]}
    onResponderGrant={[Function]}
    onResponderMove={[Function]}
    onResponderRelease={[Function]}
    onResponderTerminate={[Function]}
    onResponderTerminationRequest={[Function]}
    onStartShouldSetResponder={[Function]}
    style={
      Object {
        "alignItems": "center",
        "alignSelf": "center",
        "backgroundColor": "#F5BF00",
        "borderColor": "#000000",
        "borderRadius": 20,
        "borderWidth": 1,
        "fontSize": 50,
        "marginTop": 30,
        "opacity": 1,
        "paddingHorizontal": 12,
        "paddingVertical": 10,
        "width": 120,
      }
    }
  >
    <Text
      testID="LogInButton"
    >
      Log in
    </Text>
  </View>
  <Text
    style={
      Object {
        "alignSelf": "center",
        "color": "#70BA5D",
        "marginTop": 60,
      }
    }
  >
    Signed Up Successfully
  </Text>
</RCTSafeAreaView>
`;
