// Jest Snapshot v1, https://goo.gl/fbAQLP

exports[`When invoked a Dashboard component Should render dashboard component 1`] = `
<RCTSafeAreaView
  emulateUnlessSupported={true}
>
  <RCTScrollView>
    <View>
      <View
        style={
          Object {
            "backgroundColor": "#E5E5E5",
            "borderRadius": 10,
            "flexDirection": "row",
            "margin": 15,
            "padding": 10,
          }
        }
      >
        <Image
          source={
            Object {
              "uri": "undefined",
            }
          }
          style={
            Object {
              "borderRadius": 100,
              "height": 80,
              "width": 80,
            }
          }
        />
        <View
          style={
            Object {
              "display": "flex",
              "flexDirection": "column",
            }
          }
        >
          <Text
            style={
              Object {
                "fontSize": 20,
                "marginTop": 10,
                "paddingLeft": 20,
                "textTransform": "capitalize",
              }
            }
          >
            Anna Sala
          </Text>
          <View>
            <View
              style={
                Object {
                  "alignSelf": "center",
                  "backgroundColor": "pink",
                  "display": "flex",
                  "flexDirection": "row",
                  "height": 14,
                  "marginLeft": 20,
                  "marginTop": 15,
                  "width": 220,
                }
              }
            >
              <View
                style={
                  Array [
                    Object {
                      "backgroundColor": "#96F87E",
                      "height": 14,
                      "width": "50%",
                    },
                    Object {
                      "width": "76.92307692307693%",
                    },
                  ]
                }
              />
              <View
                style={
                  Array [
                    Object {
                      "backgroundColor": "#F68A5B",
                      "height": 14,
                      "width": "50%",
                    },
                    Object {
                      "width": "23.076923076923077%",
                    },
                  ]
                }
              />
            </View>
            <View
              style={
                Object {
                  "display": "flex",
                  "flexDirection": "row",
                  "justifyContent": "space-between",
                  "marginLeft": 20,
                }
              }
            >
              <Text
                style={
                  Object {
                    "color": "#7A7A7A",
                  }
                }
              >
                Wins / Losses
              </Text>
              <Text
                style={
                  Object {
                    "color": "#7A7A7A",
                  }
                }
              >
                 
                10
                 / 
                3
              </Text>
            </View>
          </View>
        </View>
      </View>
      <View
        accessible={true}
        focusable={true}
        onClick={[Function]}
        onResponderGrant={[Function]}
        onResponderMove={[Function]}
        onResponderRelease={[Function]}
        onResponderTerminate={[Function]}
        onResponderTerminationRequest={[Function]}
        onStartShouldSetResponder={[Function]}
        style={
          Object {
            "opacity": 1,
          }
        }
        testID="matchBox"
      >
        <View>
          <View
            style={
              Object {
                "backgroundColor": "#E5E5E5",
                "borderRadius": 10,
                "margin": 15,
                "marginBottom": 5,
                "padding": 10,
              }
            }
          >
            <View
              style={
                Object {
                  "borderBottomColor": "#7A7A7A",
                  "borderBottomWidth": 1,
                  "flexDirection": "row",
                  "justifyContent": "space-between",
                  "paddingVertical": 8,
                }
              }
            >
              <Text>
                Anna
              </Text>
              <Text
                style={
                  Object {
                    "fontSize": 20,
                    "letterSpacing": 20,
                  }
                }
              >
                0
                0
                0
              </Text>
            </View>
            <View
              style={
                Object {
                  "flexDirection": "row",
                  "justifyContent": "space-between",
                  "paddingVertical": 8,
                }
              }
            >
              <Text>
                Sala
              </Text>
              <Text
                style={
                  Object {
                    "fontSize": 20,
                    "letterSpacing": 20,
                  }
                }
              >
                0
                0
                0
              </Text>
            </View>
          </View>
          <View
            style={
              Object {
                "backgroundColor": "#E5E5E5",
                "borderRadius": 10,
                "flexDirection": "row",
                "justifyContent": "space-between",
                "marginBottom": 15,
                "marginHorizontal": 15,
                "padding": 8,
              }
            }
          >
            <Text
              style={
                Object {
                  "color": "#7A7A7A",
                }
              }
            >
              Invalid Date
            </Text>
            <Text
              style={
                Object {
                  "color": "#7A7A7A",
                }
              }
            >
              Stats &gt;
            </Text>
          </View>
        </View>
      </View>
    </View>
  </RCTScrollView>
</RCTSafeAreaView>
`;
